------------------------------------------------------------
Timing Analyzer Summary
------------------------------------------------------------

Type  : Slow 1200mV 85C Model Setup 'inst2'
Slack : -0.636
TNS   : -0.636

Type  : Slow 1200mV 85C Model Setup 'Clk'
Slack : -0.557
TNS   : -0.557

Type  : Slow 1200mV 85C Model Setup 'inst1'
Slack : -0.289
TNS   : -0.289

Type  : Slow 1200mV 85C Model Setup 'inst3'
Slack : 0.210
TNS   : 0.000

Type  : Slow 1200mV 85C Model Hold 'Clk'
Slack : 0.390
TNS   : 0.000

Type  : Slow 1200mV 85C Model Hold 'inst3'
Slack : 0.445
TNS   : 0.000

Type  : Slow 1200mV 85C Model Hold 'inst1'
Slack : 0.508
TNS   : 0.000

Type  : Slow 1200mV 85C Model Hold 'inst2'
Slack : 0.674
TNS   : 0.000

Type  : Slow 1200mV 85C Model Minimum Pulse Width 'Clk'
Slack : -3.000
TNS   : -4.285

Type  : Slow 1200mV 85C Model Minimum Pulse Width 'inst1'
Slack : -1.285
TNS   : -1.285

Type  : Slow 1200mV 85C Model Minimum Pulse Width 'inst2'
Slack : -1.285
TNS   : -1.285

Type  : Slow 1200mV 85C Model Minimum Pulse Width 'inst3'
Slack : -1.285
TNS   : -1.285

Type  : Slow 1200mV 0C Model Setup 'inst2'
Slack : -0.548
TNS   : -0.548

Type  : Slow 1200mV 0C Model Setup 'Clk'
Slack : -0.401
TNS   : -0.401

Type  : Slow 1200mV 0C Model Setup 'inst1'
Slack : -0.211
TNS   : -0.211

Type  : Slow 1200mV 0C Model Setup 'inst3'
Slack : 0.297
TNS   : 0.000

Type  : Slow 1200mV 0C Model Hold 'Clk'
Slack : 0.283
TNS   : 0.000

Type  : Slow 1200mV 0C Model Hold 'inst3'
Slack : 0.398
TNS   : 0.000

Type  : Slow 1200mV 0C Model Hold 'inst1'
Slack : 0.465
TNS   : 0.000

Type  : Slow 1200mV 0C Model Hold 'inst2'
Slack : 0.635
TNS   : 0.000

Type  : Slow 1200mV 0C Model Minimum Pulse Width 'Clk'
Slack : -3.000
TNS   : -4.285

Type  : Slow 1200mV 0C Model Minimum Pulse Width 'inst1'
Slack : -1.285
TNS   : -1.285

Type  : Slow 1200mV 0C Model Minimum Pulse Width 'inst2'
Slack : -1.285
TNS   : -1.285

Type  : Slow 1200mV 0C Model Minimum Pulse Width 'inst3'
Slack : -1.285
TNS   : -1.285

Type  : Fast 1200mV 0C Model Setup 'Clk'
Slack : -0.095
TNS   : -0.095

Type  : Fast 1200mV 0C Model Setup 'inst2'
Slack : -0.013
TNS   : -0.013

Type  : Fast 1200mV 0C Model Setup 'inst1'
Slack : 0.135
TNS   : 0.000

Type  : Fast 1200mV 0C Model Setup 'inst3'
Slack : 0.624
TNS   : 0.000

Type  : Fast 1200mV 0C Model Hold 'inst1'
Slack : 0.205
TNS   : 0.000

Type  : Fast 1200mV 0C Model Hold 'inst3'
Slack : 0.206
TNS   : 0.000

Type  : Fast 1200mV 0C Model Hold 'Clk'
Slack : 0.260
TNS   : 0.000

Type  : Fast 1200mV 0C Model Hold 'inst2'
Slack : 0.278
TNS   : 0.000

Type  : Fast 1200mV 0C Model Minimum Pulse Width 'Clk'
Slack : -3.000
TNS   : -4.250

Type  : Fast 1200mV 0C Model Minimum Pulse Width 'inst1'
Slack : -1.000
TNS   : -1.000

Type  : Fast 1200mV 0C Model Minimum Pulse Width 'inst2'
Slack : -1.000
TNS   : -1.000

Type  : Fast 1200mV 0C Model Minimum Pulse Width 'inst3'
Slack : -1.000
TNS   : -1.000

------------------------------------------------------------
