------------------------------------------------------------
Timing Analyzer Summary
------------------------------------------------------------

Type  : Slow 1200mV 85C Model Setup 'debouncer:inst0|clock_divider_1024:inst0|inst10'
Slack : -2.287
TNS   : -7.038

Type  : Slow 1200mV 85C Model Setup '50MHz_Clock'
Slack : -2.285
TNS   : -6.622

Type  : Slow 1200mV 85C Model Setup 'debouncer:inst0|clock_divider_1024:inst1|inst10'
Slack : -0.895
TNS   : -0.895

Type  : Slow 1200mV 85C Model Setup 'debouncer:inst0|inst2'
Slack : 0.055
TNS   : 0.000

Type  : Slow 1200mV 85C Model Setup 'Manual_Clock'
Slack : 0.170
TNS   : 0.000

Type  : Slow 1200mV 85C Model Hold '50MHz_Clock'
Slack : 0.402
TNS   : 0.000

Type  : Slow 1200mV 85C Model Hold 'debouncer:inst0|clock_divider_1024:inst0|inst10'
Slack : 0.402
TNS   : 0.000

Type  : Slow 1200mV 85C Model Hold 'debouncer:inst0|inst2'
Slack : 0.405
TNS   : 0.000

Type  : Slow 1200mV 85C Model Hold 'Manual_Clock'
Slack : 0.436
TNS   : 0.000

Type  : Slow 1200mV 85C Model Hold 'debouncer:inst0|clock_divider_1024:inst1|inst10'
Slack : 0.971
TNS   : 0.000

Type  : Slow 1200mV 85C Model Minimum Pulse Width '50MHz_Clock'
Slack : -3.000
TNS   : -15.850

Type  : Slow 1200mV 85C Model Minimum Pulse Width 'Manual_Clock'
Slack : -3.000
TNS   : -5.570

Type  : Slow 1200mV 85C Model Minimum Pulse Width 'debouncer:inst0|clock_divider_1024:inst0|inst10'
Slack : -1.285
TNS   : -12.850

Type  : Slow 1200mV 85C Model Minimum Pulse Width 'debouncer:inst0|inst2'
Slack : -1.285
TNS   : -2.570

Type  : Slow 1200mV 85C Model Minimum Pulse Width 'debouncer:inst0|clock_divider_1024:inst1|inst10'
Slack : -1.285
TNS   : -1.285

Type  : Slow 1200mV 0C Model Setup 'debouncer:inst0|clock_divider_1024:inst0|inst10'
Slack : -2.006
TNS   : -5.585

Type  : Slow 1200mV 0C Model Setup '50MHz_Clock'
Slack : -2.000
TNS   : -5.228

Type  : Slow 1200mV 0C Model Setup 'debouncer:inst0|clock_divider_1024:inst1|inst10'
Slack : -0.761
TNS   : -0.761

Type  : Slow 1200mV 0C Model Setup 'debouncer:inst0|inst2'
Slack : 0.138
TNS   : 0.000

Type  : Slow 1200mV 0C Model Setup 'Manual_Clock'
Slack : 0.252
TNS   : 0.000

Type  : Slow 1200mV 0C Model Hold 'debouncer:inst0|inst2'
Slack : 0.353
TNS   : 0.000

Type  : Slow 1200mV 0C Model Hold '50MHz_Clock'
Slack : 0.354
TNS   : 0.000

Type  : Slow 1200mV 0C Model Hold 'debouncer:inst0|clock_divider_1024:inst0|inst10'
Slack : 0.354
TNS   : 0.000

Type  : Slow 1200mV 0C Model Hold 'Manual_Clock'
Slack : 0.387
TNS   : 0.000

Type  : Slow 1200mV 0C Model Hold 'debouncer:inst0|clock_divider_1024:inst1|inst10'
Slack : 0.948
TNS   : 0.000

Type  : Slow 1200mV 0C Model Minimum Pulse Width '50MHz_Clock'
Slack : -3.000
TNS   : -15.850

Type  : Slow 1200mV 0C Model Minimum Pulse Width 'Manual_Clock'
Slack : -3.000
TNS   : -5.570

Type  : Slow 1200mV 0C Model Minimum Pulse Width 'debouncer:inst0|clock_divider_1024:inst0|inst10'
Slack : -1.285
TNS   : -12.850

Type  : Slow 1200mV 0C Model Minimum Pulse Width 'debouncer:inst0|inst2'
Slack : -1.285
TNS   : -2.570

Type  : Slow 1200mV 0C Model Minimum Pulse Width 'debouncer:inst0|clock_divider_1024:inst1|inst10'
Slack : -1.285
TNS   : -1.285

Type  : Fast 1200mV 0C Model Setup '50MHz_Clock'
Slack : -0.644
TNS   : -0.644

Type  : Fast 1200mV 0C Model Setup 'debouncer:inst0|clock_divider_1024:inst0|inst10'
Slack : -0.616
TNS   : -0.616

Type  : Fast 1200mV 0C Model Setup 'debouncer:inst0|clock_divider_1024:inst1|inst10'
Slack : -0.557
TNS   : -0.557

Type  : Fast 1200mV 0C Model Setup 'debouncer:inst0|inst2'
Slack : 0.538
TNS   : 0.000

Type  : Fast 1200mV 0C Model Setup 'Manual_Clock'
Slack : 0.609
TNS   : 0.000

Type  : Fast 1200mV 0C Model Hold '50MHz_Clock'
Slack : 0.181
TNS   : 0.000

Type  : Fast 1200mV 0C Model Hold 'debouncer:inst0|clock_divider_1024:inst0|inst10'
Slack : 0.181
TNS   : 0.000

Type  : Fast 1200mV 0C Model Hold 'debouncer:inst0|inst2'
Slack : 0.182
TNS   : 0.000

Type  : Fast 1200mV 0C Model Hold 'Manual_Clock'
Slack : 0.201
TNS   : 0.000

Type  : Fast 1200mV 0C Model Hold 'debouncer:inst0|clock_divider_1024:inst1|inst10'
Slack : 0.426
TNS   : 0.000

Type  : Fast 1200mV 0C Model Minimum Pulse Width '50MHz_Clock'
Slack : -3.000
TNS   : -13.620

Type  : Fast 1200mV 0C Model Minimum Pulse Width 'Manual_Clock'
Slack : -3.000
TNS   : -5.180

Type  : Fast 1200mV 0C Model Minimum Pulse Width 'debouncer:inst0|clock_divider_1024:inst0|inst10'
Slack : -1.000
TNS   : -10.000

Type  : Fast 1200mV 0C Model Minimum Pulse Width 'debouncer:inst0|inst2'
Slack : -1.000
TNS   : -2.000

Type  : Fast 1200mV 0C Model Minimum Pulse Width 'debouncer:inst0|clock_divider_1024:inst1|inst10'
Slack : -1.000
TNS   : -1.000

------------------------------------------------------------
